%!Adobe-FontList 1.13
%Locale:0x409

%BeginFont
Handler:DirectoryHandler
FontType:Invalid
OutlineFileName:E:\GitHubApp\html interior\Font\CaviarDreams.eot
FileModTime:1370937205
%EndFont

%BeginFont
Handler:DirectoryHandler
FontType:TrueType
FontName:CaviarDreams
FamilyName:Caviar Dreams
StyleName:Regular
FullName:Caviar Dreams
MenuName:Caviar Dreams
StyleBits:0
WritingScript:Roman
OutlineFileName:E:\GitHubApp\html interior\Font\CaviarDreams.ttf
DataFormat:sfntData
FileLength:58864
FileModTime:1343112746
WeightClass:400
WidthClass:5
AngleClass:0
%EndFont

%BeginFont
Handler:DirectoryHandler
FontType:Invalid
OutlineFileName:E:\GitHubApp\html interior\Font\CaviarDreams_BoldItalic.eot
FileModTime:1370937212
%EndFont

%BeginFont
Handler:DirectoryHandler
FontType:TrueType
FontName:CaviarDreams-BoldItalic
FamilyName:Caviar Dreams
StyleName:Bold Italic
FullName:Caviar Dreams Bold Italic
MenuName:Caviar Dreams
StyleBits:3
WritingScript:Roman
OutlineFileName:E:\GitHubApp\html interior\Font\CaviarDreams_BoldItalic.ttf
DataFormat:sfntData
FileLength:76448
FileModTime:1343112746
WeightClass:700
WidthClass:5
AngleClass:1
%EndFont

%BeginFont
Handler:DirectoryHandler
FontType:Invalid
OutlineFileName:E:\GitHubApp\html interior\Font\CaviarDreams_Italic.eot
FileModTime:1370937220
%EndFont

%BeginFont
Handler:DirectoryHandler
FontType:TrueType
FontName:CaviarDreams-Italic
FamilyName:Caviar Dreams
StyleName:Italic
FullName:Caviar Dreams Italic
MenuName:Caviar Dreams
StyleBits:1
WritingScript:Roman
OutlineFileName:E:\GitHubApp\html interior\Font\CaviarDreams_Italic.ttf
DataFormat:sfntData
FileLength:73056
FileModTime:1343112746
WeightClass:400
WidthClass:5
AngleClass:1
%EndFont

%BeginFont
Handler:DirectoryHandler
FontType:Invalid
OutlineFileName:E:\GitHubApp\html interior\Font\Caviar_Dreams_Bold.eot
FileModTime:1370937196
%EndFont

%BeginFont
Handler:DirectoryHandler
FontType:TrueType
FontName:CaviarDreams-Bold
FamilyName:Caviar Dreams
StyleName:Bold
FullName:Caviar Dreams Bold
MenuName:Caviar Dreams
StyleBits:2
WritingScript:Roman
OutlineFileName:E:\GitHubApp\html interior\Font\Caviar_Dreams_Bold.ttf
DataFormat:sfntData
FileLength:55988
FileModTime:1343112746
WeightClass:700
WidthClass:5
AngleClass:0
%EndFont

